current directory: /home/kennykguo/kennykguo.github.io/docs/vendor/bundle/ruby/3.4.0/gems/json-2.18.0/ext/json/ext/parser
/usr/bin/ruby extconf.rb
checking for rb_enc_interned_str() in ruby/encoding.h... yes
checking for rb_str_to_interned_str() in ruby.h... yes
checking for rb_hash_new_capa() in ruby.h... yes
checking for rb_hash_bulk_insert() in ruby.h... yes
checking for whether -std=c99 is accepted as CFLAGS... yes
checking for x86intrin.h... yes
checking for cpuid.h... yes
creating Makefile

current directory: /home/kennykguo/kennykguo.github.io/docs/vendor/bundle/ruby/3.4.0/gems/json-2.18.0/ext/json/ext/parser
make DESTDIR\= sitearchdir\=./.gem.20260115-1384727-y7aswo sitelibdir\=./.gem.20260115-1384727-y7aswo clean

current directory: /home/kennykguo/kennykguo.github.io/docs/vendor/bundle/ruby/3.4.0/gems/json-2.18.0/ext/json/ext/parser
make DESTDIR\= sitearchdir\=./.gem.20260115-1384727-y7aswo sitelibdir\=./.gem.20260115-1384727-y7aswo
compiling parser.c
linking shared-object json/ext/parser.so

current directory: /home/kennykguo/kennykguo.github.io/docs/vendor/bundle/ruby/3.4.0/gems/json-2.18.0/ext/json/ext/parser
make DESTDIR\= sitearchdir\=./.gem.20260115-1384727-y7aswo sitelibdir\=./.gem.20260115-1384727-y7aswo install
/usr/bin/install -c -m 0755 parser.so ./.gem.20260115-1384727-y7aswo/json/ext

current directory: /home/kennykguo/kennykguo.github.io/docs/vendor/bundle/ruby/3.4.0/gems/json-2.18.0/ext/json/ext/parser
make DESTDIR\= sitearchdir\=./.gem.20260115-1384727-y7aswo sitelibdir\=./.gem.20260115-1384727-y7aswo clean
